2023-08-26 19:33:11,874 Namespace(conf_thres=0.001, iou_thres=0.6, logDir='runs/', modelDir='', weights='/media/jiao/39b48156-5afd-4cd7-bddc-f6ecf4631a79/zhanjiao/workspace/YOLOP-TWO-YOLOV7/weights/epoch-189.pth')
2023-08-26 19:33:11,874 AUTO_RESUME: False
CUDNN:
  BENCHMARK: True
  DETERMINISTIC: False
  ENABLED: True
DATASET:
  COLOR_RGB: False
  DATAROOT: /media/jiao/39b48156-5afd-4cd7-bddc-f6ecf4631a79/zhanjiao/dataset/bdd/bdd100k/images/100k
  DATASET: BddDataset
  DATA_FORMAT: jpg
  FLIP: True
  HSV_H: 0.015
  HSV_S: 0.7
  HSV_V: 0.4
  LABELROOT: /media/jiao/39b48156-5afd-4cd7-bddc-f6ecf4631a79/zhanjiao/dataset/bdd/bdd100k/labels/100k
  LANEROOT: /media/jiao/39b48156-5afd-4cd7-bddc-f6ecf4631a79/zhanjiao/dataset/bdd/bdd_lane_gt
  MASKROOT: /media/jiao/39b48156-5afd-4cd7-bddc-f6ecf4631a79/zhanjiao/dataset/bdd/bdd_seg_gt
  ORG_IMG_SIZE: [720, 1280]
  ROT_FACTOR: 10
  SCALE_FACTOR: 0.25
  SELECT_DATA: False
  SHEAR: 0.0
  TEST_SET: val
  TRAIN_SET: train
  TRANSLATE: 0.1
DEBUG: False
GPUS: (0, 1)
LOG_DIR: runs/
LOSS:
  BOX_GAIN: 0.05
  CLS_GAIN: 0.5
  CLS_POS_WEIGHT: 1.0
  DA_SEG_GAIN: 0.2
  FL_GAMMA: 2.0
  LL_IOU_GAIN: 0.2
  LL_SEG_GAIN: 0.2
  LOSS_NAME: 
  MULTI_HEAD_LAMBDA: None
  OBJ_GAIN: 1.0
  OBJ_POS_WEIGHT: 1.0
  SEG_POS_WEIGHT: 1.0
MODEL:
  EXTRA:
    
  HEADS_NAME: ['']
  IMAGE_SIZE: [640, 640]
  NAME: 
  PRETRAINED: 
  PRETRAINED_DET: 
  STRU_WITHSHARE: False
NEED_AUTOANCHOR: False
PIN_MEMORY: True
PRINT_FREQ: 3000
TEST:
  BATCH_SIZE_PER_GPU: 16
  MODEL_FILE: 
  NMS_CONF_THRESHOLD: 0.001
  NMS_IOU_THRESHOLD: 0.6
  PLOTS: False
  SAVE_JSON: False
  SAVE_TXT: False
TRAIN:
  ANCHOR_THRESHOLD: 4.0
  BATCH_SIZE_PER_GPU: 8
  BEGIN_EPOCH: 0
  DET_ONLY: False
  DRIVABLE_ONLY: False
  ENC_DET_ONLY: False
  ENC_SEG_ONLY: False
  END_EPOCH: 200
  GAMMA1: 0.99
  GAMMA2: 0.0
  IOU_THRESHOLD: 0.2
  LANE_ONLY: False
  LR0: 0.001
  LRF: 0.1
  MOMENTUM: 0.937
  NESTEROV: True
  OPTIMIZER: adamw
  PLOT: True
  SEG_ONLY: False
  SHUFFLE: True
  VAL_FREQ: 1
  WARMUP_BIASE_LR: 0.1
  WARMUP_EPOCHS: 3.0
  WARMUP_MOMENTUM: 0.8
  WD: 0.0005
WORKERS: 8
num_seg_class: 2
2023-08-26 19:33:11,943 Using torch 1.12.1+cu116 CUDA:0 (NVIDIA GeForce RTX 3080, 10018MB)
2023-08-26 19:33:11,943                          CUDA:1 (NVIDIA GeForce RTX 3080, 10016MB)
2023-08-26 19:33:11,943 
2023-08-26 19:33:14,270 => loading checkpoint '/media/jiao/39b48156-5afd-4cd7-bddc-f6ecf4631a79/zhanjiao/workspace/YOLOP-TWO-YOLOV7/weights/epoch-189.pth'
2023-08-26 19:33:14,942 => loaded checkpoint '/media/jiao/39b48156-5afd-4cd7-bddc-f6ecf4631a79/zhanjiao/workspace/YOLOP-TWO-YOLOV7/weights/epoch-189.pth' 
2023-08-26 19:54:35,173 Driving area Segment: Acc(0.979)    IOU (0.887)    mIOU(0.932)
Lane line Segment: Acc(0.883)    IOU (0.280)  mIOU(0.630)
Detect: P(0.035)  R(0.969)  mAP@0.5(0.843)  mAP@0.5:0.95(0.500)
Time: inference(0.007s/frame)  nms(0.099s/frame)
